CREATE EXTENSION fasttrun;
create table persist ( a int );
insert into persist values (1);
select fasttruncate('persist');
ERROR:  Relation isn't a temporary table
insert into persist values (2);
select * from persist order by a;
 a 
---
 1
 2
(2 rows)

create temp table temp1 (a int);
insert into temp1 values (1);
BEGIN;
create temp table temp2 (a int);
insert into temp2 values (1);
select * from temp1 order by a;
 a 
---
 1
(1 row)

select * from temp2 order by a;
 a 
---
 1
(1 row)

insert into temp1 (select * from generate_series(1,10000));
insert into temp2 (select * from generate_series(1,11000));
analyze temp2;
select relname,  relpages>0, reltuples>0 from pg_class where relname in ('temp1', 'temp2') order by relname;
 relname | ?column? | ?column? 
---------+----------+----------
 temp1   | f        | f
 temp2   | t        | t
(2 rows)

select fasttruncate('temp1');
 fasttruncate 
--------------
 
(1 row)

select fasttruncate('temp2');
 fasttruncate 
--------------
 
(1 row)

insert into temp1 values (-2);
insert into temp2 values (-2);
select * from temp1 order by a;
 a  
----
 -2
(1 row)

select * from temp2 order by a;
 a  
----
 -2
(1 row)

COMMIT;
select * from temp1 order by a;
 a  
----
 -2
(1 row)

select * from temp2 order by a;
 a  
----
 -2
(1 row)

select relname,  relpages>0, reltuples>0 from pg_class where relname in ('temp1', 'temp2') order by relname;
 relname | ?column? | ?column? 
---------+----------+----------
 temp1   | f        | f
 temp2   | f        | f
(2 rows)

select fasttruncate('temp1');
 fasttruncate 
--------------
 
(1 row)

select fasttruncate('temp2');
 fasttruncate 
--------------
 
(1 row)

select * from temp1 order by a;
 a 
---
(0 rows)

select * from temp2 order by a;
 a 
---
(0 rows)

select relname,  relpages>0, reltuples>0 from pg_class where relname in ('temp1', 'temp2') order by relname;
 relname | ?column? | ?column? 
---------+----------+----------
 temp1   | f        | f
 temp2   | f        | f
(2 rows)

